48 tests, backends ["fs", "sql-text-sqlite", "textdb-sqlite", "textdb-sqlite@account", "textdb-pg", "textdb-pg@account"], profile poc, size s (x0.3), mode fast
== RT-01 (roundtrip) sizes straddling chunk min/max; create → read; oracle bytes identical
   fs                   0.1s
   sql-text-sqlite      0.2s
   textdb-sqlite        0.4s
   textdb-sqlite@account     0.4s
   textdb-pg            1.9s
   textdb-pg@account     3.3s
== RT-02 (roundtrip) RT-01 sizes × line endings {lf, crlf, no trailing newline}
   fs                   0.0s
   sql-text-sqlite      0.1s
   textdb-sqlite        0.2s
   textdb-sqlite@account     0.2s
   textdb-pg            1.0s
   textdb-pg@account     1.6s
== RT-03 (roundtrip) 1 MiB × {ascii, mixed unicode, random bytes}; random bytes may be N/A where TEXT rejects invalid UTF-8
   fs                   0.1s
   sql-text-sqlite      0.4s
   textdb-sqlite        0.6s
   textdb-sqlite@account     0.8s
   textdb-pg            2.0s
   textdb-pg@account     3.3s
== RT-04 (edit_sequence) 100 KiB, random replace ops, read after each == reference
   fs                   0.0s
   sql-text-sqlite      0.1s
   textdb-sqlite        0.2s
   textdb-sqlite@account     0.2s
   textdb-pg            0.6s
   textdb-pg@account     1.2s
== RT-05 (edit_sequence) as RT-04, then read_version(v) for every v == reference history
   fs                   0.0s
   sql-text-sqlite      0.1s
   textdb-sqlite        0.2s
   textdb-sqlite@account     0.2s
   textdb-pg            0.8s
   textdb-pg@account     1.5s
== RT-06 (search) corpus import → export via list+read compared to reference (diff -r equivalent) is checked by SR-01 recall path; import time reported
   fs                   0.0s
   sql-text-sqlite      0.1s
   textdb-sqlite        0.5s
   textdb-sqlite@account     0.6s
   textdb-pg            2.3s
   textdb-pg@account     3.7s
== XL-01..06 (xl) create, full read (MB/s), read_lines at 0/50/100 %, replace 3 lines at 0/50/100 % (write amplification), 100 sequential replaces (footprint growth per edit), history + read_version(v1)
   fs                   1.3s
   sql-text-sqlite      4.1s
   textdb-sqlite        1.8s
   textdb-sqlite@account     2.0s
   textdb-pg            4.5s
   textdb-pg@account     6.3s
== LL-01..03 (long_lines) single line of {1 MiB, 100 MiB} ASCII: create → read identical; replace 10 B at middle (leaf count changed); read_lines(1,1) returns whole line
   fs                   0.6s
   sql-text-sqlite      1.7s
   textdb-sqlite        2.4s
   textdb-sqlite@account     2.4s
   textdb-pg           11.7s
   textdb-pg@account    11.1s
== LL-04 (edit_sequence) 10 MiB minified JSON (no newlines, high entropy); 100 replaces; textdb leaf stability (fraction of leaves unchanged per edit, target ≥ 0.99)
   fs                   0.5s
   sql-text-sqlite      5.9s
   textdb-sqlite        1.0s
   textdb-sqlite@account     1.0s
   textdb-pg            3.7s
   textdb-pg@account     3.9s
== LL-05 (edit_sequence) 10 MiB, 1000 lines of 10 KiB; replace in line 500 (compare with XL-04 latency at same size)
   fs                   0.6s
   sql-text-sqlite      2.5s
   textdb-sqlite        0.8s
   textdb-sqlite@account     0.9s
   textdb-pg            2.0s
   textdb-pg@account     2.1s
== LL-06 (long_lines) single line, mixed Unicode with 4-byte code points; replace across a multibyte boundary; no backend may corrupt UTF-8
   fs                   0.1s
   sql-text-sqlite      0.2s
   textdb-sqlite        0.1s
   textdb-sqlite@account     0.2s
   textdb-pg            0.6s
   textdb-pg@account     0.7s
== ME-01/02 (edit_sequence) 100 KiB; sequential counter increments on one line; footprint after; read_version at v1, v(n/2), v(n)
   fs                   0.1s
   sql-text-sqlite      1.2s
   textdb-sqlite        1.5s
   textdb-sqlite@account     1.7s
   textdb-pg            5.9s
   textdb-pg@account     7.8s
== ME-03 (edit_sequence) 100 KiB; sequential appends of one line; latency trend (last decile / first decile), footprint
   fs                   0.1s
   sql-text-sqlite      1.3s
   textdb-sqlite        1.3s
   textdb-sqlite@account     1.6s
   textdb-pg            5.0s
   textdb-pg@account     7.1s
== ME-04 (edit_sequence) 100 KiB; edits alternating start/end of file; textdb leaves changed per edit ≤ 4
   fs                   0.1s
   sql-text-sqlite      0.3s
   textdb-sqlite        0.4s
   textdb-sqlite@account     0.4s
   textdb-pg            0.9s
   textdb-pg@account     1.5s
== ME-05 (edit_sequence) 1 MiB; Zipf-distributed line edits; footprint vs raw; history latency at end
   fs                   1.9s
   sql-text-sqlite      8.1s
   textdb-sqlite        7.7s
   textdb-sqlite@account     6.0s
   textdb-pg           18.1s
   textdb-pg@account    20.9s
== ME-06 (concurrent_writes) 20 concurrent writers incrementing the same counter line, base = last seen version; outcomes histogram + lost updates (final counter vs committed count)
   fs                   0.0s
   sql-text-sqlite      0.8s
   textdb-sqlite        0.6s
   textdb-sqlite@account     0.5s
   textdb-pg            0.8s
   textdb-pg@account     1.3s
== CR-01 (concurrent_reads) one 100 KiB file; N readers in a closed loop; throughput, p50/p99
   fs                   6.9s
   sql-text-sqlite      6.2s
   textdb-sqlite        6.6s
   textdb-sqlite@account     6.4s
   textdb-pg            6.3s
   textdb-pg@account     6.4s
== CR-02 (concurrent_reads) corpus of files, N readers, Zipf file choice
   fs                   4.9s
   sql-text-sqlite      4.5s
   textdb-sqlite        5.4s
   textdb-sqlite@account     5.5s
   textdb-pg            7.4s
   textdb-pg@account    11.2s
== CR-03 (concurrent_reads) CR-01 with one writer replacing every 10 ms; reader p99 degradation and torn reads (every read must equal some committed version)
   fs                   4.7s
   sql-text-sqlite      4.3s
   textdb-sqlite        4.5s
   textdb-sqlite@account     4.4s
   textdb-pg            4.3s
   textdb-pg@account     4.4s
== CR-04 (concurrent_reads) N readers of read_lines (50 lines) on a 100 MiB file — isolates fragment-read cost
   fs                   4.2s
   sql-text-sqlite      4.7s
   textdb-sqlite        5.1s
   textdb-sqlite@account     5.4s
   textdb-pg            9.2s
   textdb-pg@account    10.3s
== CR-05 (concurrent_reads) 100 readers × 2-term AND search over the corpus
   fs                   2.1s
   sql-text-sqlite      2.2s
   textdb-sqlite        3.1s
   textdb-sqlite@account     3.2s
   textdb-pg            5.7s
   textdb-pg@account    34.8s
== CR-06 (concurrent_reads) N readers × read_version of a random historical version; file with 1000 versions
   fs                   0.0s
   sql-text-sqlite      2.1s
   textdb-sqlite        2.1s
   textdb-sqlite@account     2.1s
   textdb-pg            2.4s
   textdb-pg@account     2.6s
== CW-01 (concurrent_writes) N writers, one file, disjoint sections (writer i owns line block i); oracle: all last edits present
   fs                   0.2s
   sql-text-sqlite      1.8s
   textdb-sqlite        0.5s
   textdb-sqlite@account     2.7s
   textdb-pg           27.3s
   textdb-pg@account    53.1s
== CW-02 (concurrent_writes) N writers, one file, same section, distinct lines
   fs                   0.1s
   sql-text-sqlite      1.6s
   textdb-sqlite        1.2s
   textdb-sqlite@account     2.2s
   textdb-pg            3.4s
   textdb-pg@account     7.4s
== CW-03 (concurrent_writes) N writers, one file, same line (counter); conflicts expected; oracle: no lost updates among committed
   fs                   0.1s
   sql-text-sqlite      2.9s
   textdb-sqlite        1.2s
   textdb-sqlite@account     1.7s
   textdb-pg            2.0s
   textdb-pg@account     3.8s
== CW-04 (concurrent_writes) N writers, random files (Zipf s=1.0) from a corpus
   fs                   0.1s
   sql-text-sqlite      1.0s
   textdb-sqlite        1.3s
   textdb-sqlite@account     3.2s
   textdb-pg           10.8s
   textdb-pg@account    21.2s
== CW-05 (concurrent_writes) N writers append to one file; oracle: every committed append present
   fs                   0.1s
   sql-text-sqlite      4.8s
   textdb-sqlite        1.2s
   textdb-sqlite@account     2.3s
   textdb-pg            3.0s
   textdb-pg@account     3.1s
== CW-06 (concurrent_writes) 20 writers on files under a folder while another thread renames the folder away and back; oracle: writes not failed by the rename race (errors), latency
   fs                   0.3s
   sql-text-sqlite      0.3s
   textdb-sqlite        0.3s
   textdb-sqlite@account     0.6s
    FAIL CW-06 textdb-pg [N=20] version_count_matches_commits: 101 versions for 81 commits
   textdb-pg            0.9s
    FAIL CW-06 textdb-pg@account [N=20] version_count_matches_commits: 90 versions for 65 commits
   textdb-pg@account     1.5s
== CW-07 (concurrent_writes) CW-04 for 10 min with fs-git; index.lock failures counted as Contention (POC: 20 s)
   fs                   6.1s
   sql-text-sqlite      6.2s
   textdb-sqlite        6.3s
   textdb-sqlite@account     6.5s
   textdb-pg            7.4s
   textdb-pg@account    11.1s
== SR-01/02 (search) index build / import of the corpus; single-term, 2-term AND, phrase, prefix queries: p50/p99, recall/precision
   fs                   1.8s
   sql-text-sqlite      0.7s
   textdb-sqlite        2.1s
   textdb-sqlite@account     2.2s
   textdb-pg            7.7s
   textdb-pg@account    13.2s
== SR-04 (search) search after 10000 edits: index growth per edit and maintenance (VACUUM / optimize / gc) time
   fs                   0.8s
   sql-text-sqlite      0.5s
   textdb-sqlite        1.9s
   textdb-sqlite@account     2.0s
   textdb-pg            6.4s
   textdb-pg@account    10.3s
== SR-05 (search) search restricted to a prefix (/sr/d07) — prefix + FTS combination
   fs                   0.9s
   sql-text-sqlite      0.4s
   textdb-sqlite        1.7s
   textdb-sqlite@account     1.8s
   textdb-pg            6.7s
   textdb-pg@account    11.1s
== NS-01 (namespace) many files in one folder: list latency; create p99 at the end
   fs                   0.1s
   sql-text-sqlite      0.3s
   textdb-sqlite        1.7s
   textdb-sqlite@account     1.8s
   textdb-pg            6.2s
   textdb-pg@account    11.8s
== NS-02 (namespace) folder depth 1000 (/a/a/a/…): create, read, list
   fs                   0.1s
   sql-text-sqlite      0.0s
   textdb-sqlite        0.1s
   textdb-sqlite@account     0.1s
   textdb-pg            4.3s
   textdb-pg@account     4.3s
== NS-03 (namespace) rename folder with {1k, 10k, 50k} descendants: latency; all paths updated, contents unchanged, versions preserved
   fs                   0.1s
   sql-text-sqlite      0.3s
   textdb-sqlite        1.8s
   textdb-sqlite@account     1.9s
   textdb-pg            5.6s
   textdb-pg@account     9.2s
== NS-04 (namespace) delete folder with 10k descendants, then read a deleted file's last version
   fs                   0.1s
   sql-text-sqlite      0.2s
   textdb-sqlite        1.2s
   textdb-sqlite@account     1.3s
   textdb-pg            2.3s
   textdb-pg@account     3.8s
== NS-05 (namespace) path characters: spaces, dots, Unicode, 255-byte name, 4 KiB path, % and _
   fs                   0.0s
   sql-text-sqlite      0.0s
   textdb-sqlite        0.0s
   textdb-sqlite@account     0.0s
   textdb-pg            0.3s
   textdb-pg@account     0.3s
== DU-01..03 (durability) kill -9 / dm-flakey crash tests need an out-of-process supervisor; recorded N/A in the POC harness
   fs                   0.0s
   sql-text-sqlite      0.0s
   textdb-sqlite        0.0s
   textdb-sqlite@account     0.0s
   textdb-pg            0.1s
   textdb-pg@account     0.2s
== FP-01/02 (footprint) corpus; Zipf edits; footprint after every checkpoint; then maintenance (git gc --aggressive / VACUUM FULL / FTS optimize)
   fs                   0.4s
   sql-text-sqlite      0.7s
   textdb-sqlite        2.5s
   textdb-sqlite@account     2.7s
   textdb-pg            8.2s
   textdb-pg@account    12.6s
== MD-01 (markdown) the same bytes as .md (extracted) and .txt (not), at 0/8/64 links per document (all with front matter and 8 headings): what the sidecar costs create and replace
   fs                   0.1s
   sql-text-sqlite      0.3s
   textdb-sqlite        4.9s
   textdb-sqlite@account     1.1s
   textdb-pg           22.1s
   textdb-pg@account    11.4s
== MD-02 (markdown) link graph with planted dangling targets: outbound links per document, whole-subtree query, backlinks, broken-link validation
   fs                   0.0s
   sql-text-sqlite      0.1s
   textdb-sqlite        1.1s
   textdb-sqlite@account     1.1s
   textdb-pg            7.0s
   textdb-pg@account     9.4s
== MD-03 (markdown) rename a file N others point at, under link_updates off/report/rewrite: latency and documents rewritten per move
   fs                   0.0s
   sql-text-sqlite      0.0s
   textdb-sqlite        1.0s
   textdb-sqlite@account     0.3s
   textdb-pg            4.9s
   textdb-pg@account     1.6s
== MD-04 (markdown) front matter: parsed-block read per document, and setting one key with the rest of the document byte-identical
   fs                   0.0s
   sql-text-sqlite      0.1s
    FAIL MD-04 textdb-sqlite [] frontmatter_parsed: 180 of 180 documents
   textdb-sqlite        1.6s
   textdb-sqlite@account     0.9s
   textdb-pg            8.9s
   textdb-pg@account     5.6s
== MD-05 (markdown) documents with 32 headings: section listing, and fetching one section's body by heading
   fs                   0.0s
   sql-text-sqlite      0.1s
    FAIL MD-05 textdb-sqlite [] headings_match: 75 of 75 documents
    FAIL MD-05 textdb-sqlite [] section: TX003 not found: /bench/bench/sec/f00000.md
    FAIL MD-05 textdb-sqlite [] headings_match: 75 of 75 documents
    FAIL MD-05 textdb-sqlite [] section: TX003 not found: /bench/bench/sec/f00000.md
    FAIL MD-05 textdb-sqlite [] headings_match: 75 of 75 documents
    FAIL MD-05 textdb-sqlite [] section: TX003 not found: /bench/bench/sec/f00000.md
   textdb-sqlite        0.5s
   textdb-sqlite@account     0.5s
   textdb-pg            2.0s
   textdb-pg@account     2.6s
== MD-06 (markdown) change feed: a watcher polling after every write, and one catching up from zero
   fs                   0.0s
   sql-text-sqlite      0.0s
   textdb-sqlite        1.9s
   textdb-sqlite@account     2.1s
   textdb-pg            6.1s
   textdb-pg@account    13.9s
== MD-07 (markdown) front-matter property search: what the vault uses, what a property holds, and queries over both — with the autosuggest calls timed separately, since they run per keystroke
   fs                   0.1s
   sql-text-sqlite      0.3s
   textdb-sqlite        2.5s
   textdb-sqlite@account     2.6s
   textdb-pg            8.8s
   textdb-pg@account    61.8s
== MD-08 (markdown) headings above one document: a whole vault in one call, a heading query as exact/prefix/contains, the level filter, and the per-keystroke autosuggest
   fs                   0.1s
   sql-text-sqlite      0.3s
   textdb-sqlite        4.0s
   textdb-sqlite@account     4.2s
   textdb-pg           12.6s
   textdb-pg@account    18.9s
== SY-01 (sync) first import, no-op re-sync, a few files changed on disk, changed in the store, both sides merged, and a delete propagated
   fs                   0.0s
   sql-text-sqlite      0.0s
   textdb-sqlite        1.1s
   textdb-sqlite@account     1.2s
   textdb-pg            4.2s
   textdb-pg@account     7.9s
wrote bench/out-acct2/results.jsonl and report.md
