39 tests, backends ["fs", "sql-text-sqlite", "sql-text-pg", "textdb-sqlite", "textdb-pg"], profile poc, size s (x0.3), mode fast
== RT-01 (roundtrip) sizes straddling chunk min/max; create → read; oracle bytes identical
   fs                   0.1s
   sql-text-sqlite      0.2s
   sql-text-pg          0.7s
   textdb-sqlite        0.3s
   textdb-pg            1.4s
== RT-02 (roundtrip) RT-01 sizes × line endings {lf, crlf, no trailing newline}
   fs                   0.0s
   sql-text-sqlite      0.1s
   sql-text-pg          0.3s
   textdb-sqlite        0.1s
   textdb-pg            0.5s
== RT-03 (roundtrip) 1 MiB × {ascii, mixed unicode, random bytes}; random bytes may be N/A where TEXT rejects invalid UTF-8
   fs                   0.1s
   sql-text-sqlite      0.4s
   sql-text-pg          0.9s
   textdb-sqlite        0.6s
   textdb-pg            1.7s
== RT-04 (edit_sequence) 100 KiB, random replace ops, read after each == reference
   fs                   0.0s
   sql-text-sqlite      0.1s
   sql-text-pg          0.5s
   textdb-sqlite        0.1s
   textdb-pg            0.5s
== RT-05 (edit_sequence) as RT-04, then read_version(v) for every v == reference history
   fs                   0.0s
   sql-text-sqlite      0.2s
   sql-text-pg          0.4s
   textdb-sqlite        0.1s
   textdb-pg            0.5s
== RT-06 (search) corpus import → export via list+read compared to reference (diff -r equivalent) is checked by SR-01 recall path; import time reported
   fs                   0.0s
   sql-text-sqlite      0.1s
   sql-text-pg          0.3s
   textdb-sqlite        0.2s
   textdb-pg            0.8s
== XL-01..06 (xl) create, full read (MB/s), read_lines at 0/50/100 %, replace 3 lines at 0/50/100 % (write amplification), 100 sequential replaces (footprint growth per edit), history + read_version(v1)
   fs                   1.5s
   sql-text-sqlite      4.9s
   sql-text-pg         17.5s
   textdb-sqlite        2.1s
   textdb-pg            7.3s
== LL-01..03 (long_lines) single line of {1 MiB, 100 MiB} ASCII: create → read identical; replace 10 B at middle (leaf count changed); read_lines(1,1) returns whole line
   fs                   0.7s
   sql-text-sqlite      1.6s
   sql-text-pg          8.9s
   textdb-sqlite        2.3s
   textdb-pg           13.0s
== LL-04 (edit_sequence) 10 MiB minified JSON (no newlines, high entropy); 100 replaces; textdb leaf stability (fraction of leaves unchanged per edit, target ≥ 0.99)
   fs                   0.7s
   sql-text-sqlite      7.4s
    FAIL LL-04 sql-text-pg [] create: db error 54000: string is too long for tsvector (1515944 bytes, max 1048575 bytes)
   sql-text-pg          0.4s
   textdb-sqlite        1.0s
   textdb-pg            3.3s
== LL-05 (edit_sequence) 10 MiB, 1000 lines of 10 KiB; replace in line 500 (compare with XL-04 latency at same size)
   fs                   0.8s
   sql-text-sqlite      2.8s
   sql-text-pg         10.3s
   textdb-sqlite        1.0s
   textdb-pg            3.4s
== LL-06 (long_lines) single line, mixed Unicode with 4-byte code points; replace across a multibyte boundary; no backend may corrupt UTF-8
   fs                   0.1s
   sql-text-sqlite      0.3s
   sql-text-pg          1.0s
   textdb-sqlite        0.1s
   textdb-pg            0.4s
== ME-01/02 (edit_sequence) 100 KiB; sequential counter increments on one line; footprint after; read_version at v1, v(n/2), v(n)
   fs                   0.2s
   sql-text-sqlite      1.2s
   sql-text-pg          3.5s
   textdb-sqlite        0.9s
   textdb-pg            2.7s
== ME-03 (edit_sequence) 100 KiB; sequential appends of one line; latency trend (last decile / first decile), footprint
   fs                   0.1s
   sql-text-sqlite      1.2s
   sql-text-pg          3.7s
   textdb-sqlite        0.7s
   textdb-pg            2.2s
== ME-04 (edit_sequence) 100 KiB; edits alternating start/end of file; textdb leaves changed per edit ≤ 4
   fs                   0.1s
   sql-text-sqlite      0.3s
   sql-text-pg          0.9s
   textdb-sqlite        0.2s
   textdb-pg            0.7s
== ME-05 (edit_sequence) 1 MiB; Zipf-distributed line edits; footprint vs raw; history latency at end
   fs                   2.5s
   sql-text-sqlite      9.1s
   sql-text-pg         27.6s
   textdb-sqlite        5.2s
   textdb-pg           15.4s
== ME-06 (concurrent_writes) 20 concurrent writers incrementing the same counter line, base = last seen version; outcomes histogram + lost updates (final counter vs committed count)
   fs                   0.0s
   sql-text-sqlite      0.7s
   sql-text-pg          0.4s
   textdb-sqlite        0.5s
   textdb-pg            0.6s
== CR-01 (concurrent_reads) one 100 KiB file; N readers in a closed loop; throughput, p50/p99
   fs                   6.9s
   sql-text-sqlite      6.2s
   sql-text-pg          6.1s
   textdb-sqlite        6.3s
   textdb-pg            6.2s
== CR-02 (concurrent_reads) corpus of files, N readers, Zipf file choice
   fs                   4.8s
   sql-text-sqlite      4.6s
   sql-text-pg          4.6s
   textdb-sqlite        4.9s
   textdb-pg            5.3s
== CR-03 (concurrent_reads) CR-01 with one writer replacing every 10 ms; reader p99 degradation and torn reads (every read must equal some committed version)
   fs                   4.8s
   sql-text-sqlite      4.3s
   sql-text-pg          4.1s
   textdb-sqlite        4.4s
   textdb-pg            4.2s
== CR-04 (concurrent_reads) N readers of read_lines (50 lines) on a 100 MiB file — isolates fragment-read cost
   fs                   4.2s
   sql-text-sqlite      4.6s
   sql-text-pg          7.0s
   textdb-sqlite        4.8s
   textdb-pg            7.6s
== CR-05 (concurrent_reads) 100 readers × 2-term AND search over the corpus
   fs                   2.1s
   sql-text-sqlite      2.3s
   sql-text-pg          2.5s
   textdb-sqlite        2.4s
   textdb-pg            3.3s
== CR-06 (concurrent_reads) N readers × read_version of a random historical version; file with 1000 versions
   fs                   0.0s
   sql-text-sqlite      2.1s
   sql-text-pg          2.3s
   textdb-sqlite        2.1s
   textdb-pg            2.3s
== CW-01 (concurrent_writes) N writers, one file, disjoint sections (writer i owns line block i); oracle: all last edits present
   fs                   0.2s
   sql-text-sqlite      1.6s
   sql-text-pg          1.0s
   textdb-sqlite        3.7s
   textdb-pg           93.0s
== CW-02 (concurrent_writes) N writers, one file, same section, distinct lines
   fs                   0.1s
   sql-text-sqlite      1.4s
   sql-text-pg          0.8s
   textdb-sqlite        1.7s
   textdb-pg           92.1s
== CW-03 (concurrent_writes) N writers, one file, same line (counter); conflicts expected; oracle: no lost updates among committed
   fs                   0.1s
   sql-text-sqlite      2.0s
   sql-text-pg          1.1s
   textdb-sqlite        1.7s
   textdb-pg            1.5s
== CW-04 (concurrent_writes) N writers, random files (Zipf s=1.0) from a corpus
   fs                   0.1s
   sql-text-sqlite      0.9s
   sql-text-pg          1.2s
   textdb-sqlite        1.9s
   textdb-pg            3.6s
== CW-05 (concurrent_writes) N writers append to one file; oracle: every committed append present
   fs                   0.1s
   sql-text-sqlite      3.2s
   sql-text-pg          5.4s
   textdb-sqlite        1.8s
   textdb-pg            2.1s
== CW-06 (concurrent_writes) 20 writers on files under a folder while another thread renames the folder away and back; oracle: writes not failed by the rename race (errors), latency
   fs                   0.3s
   sql-text-sqlite      0.3s
   sql-text-pg          0.3s
   textdb-sqlite        0.5s
   textdb-pg            0.6s
== CW-07 (concurrent_writes) CW-04 for 10 min with fs-git; index.lock failures counted as Contention (POC: 20 s)
   fs                   6.1s
   sql-text-sqlite      6.2s
   sql-text-pg          6.6s
   textdb-sqlite        6.4s
   textdb-pg            6.7s
== SR-01/02 (search) index build / import of the corpus; single-term, 2-term AND, phrase, prefix queries: p50/p99, recall/precision
   fs                   1.9s
   sql-text-sqlite      0.5s
   sql-text-pg          1.5s
   textdb-sqlite        0.9s
   textdb-pg            3.8s
== SR-04 (search) search after 10000 edits: index growth per edit and maintenance (VACUUM / optimize / gc) time
   fs                   1.0s
   sql-text-sqlite      0.5s
   sql-text-pg          1.2s
   textdb-sqlite        0.8s
   textdb-pg            2.9s
== SR-05 (search) search restricted to a prefix (/sr/d07) — prefix + FTS combination
   fs                   1.0s
   sql-text-sqlite      0.4s
   sql-text-pg          1.0s
   textdb-sqlite        0.7s
   textdb-pg            2.2s
== NS-01 (namespace) many files in one folder: list latency; create p99 at the end
   fs                   0.2s
   sql-text-sqlite      0.3s
   sql-text-pg          0.9s
   textdb-sqlite        0.3s
   textdb-pg            2.3s
== NS-02 (namespace) folder depth 1000 (/a/a/a/…): create, read, list
   fs                   0.1s
   sql-text-sqlite      0.0s
   sql-text-pg          0.0s
   textdb-sqlite        0.0s
   textdb-pg            0.1s
== NS-03 (namespace) rename folder with {1k, 10k, 50k} descendants: latency; all paths updated, contents unchanged, versions preserved
   fs                   0.1s
   sql-text-sqlite      0.4s
   sql-text-pg          0.9s
   textdb-sqlite        0.6s
   textdb-pg            1.8s
== NS-04 (namespace) delete folder with 10k descendants, then read a deleted file's last version
   fs                   0.0s
   sql-text-sqlite      0.2s
   sql-text-pg          0.3s
   textdb-sqlite        0.3s
   textdb-pg            0.9s
== NS-05 (namespace) path characters: spaces, dots, Unicode, 255-byte name, 4 KiB path, % and _
   fs                   0.0s
   sql-text-sqlite      0.0s
   sql-text-pg          0.0s
   textdb-sqlite        0.0s
   textdb-pg            0.1s
== DU-01..03 (durability) kill -9 / dm-flakey crash tests need an out-of-process supervisor; recorded N/A in the POC harness
   fs                   0.0s
   sql-text-sqlite      0.0s
   sql-text-pg          0.0s
   textdb-sqlite        0.0s
   textdb-pg            0.0s
== FP-01/02 (footprint) corpus; Zipf edits; footprint after every checkpoint; then maintenance (git gc --aggressive / VACUUM FULL / FTS optimize)
   fs                   0.2s
   sql-text-sqlite      0.8s
   sql-text-pg          1.5s
   textdb-sqlite        1.1s
   textdb-pg            3.5s
wrote bench/out-five/results.jsonl and report.md
EXIT=0
